Archive member included because of file (symbol)

d:/programs/stm/truestudio for arm lite 5.2.2/armtools/bin/../lib/gcc/arm-atollic-eabi/4.8.3/../../../../arm-atollic-eabi/lib/armv7-m\libc.a(lib_a-init.o)
                              Application\TrueSTUDIO\startup_stm32f100xb.o (__libc_init_array)
d:/programs/stm/truestudio for arm lite 5.2.2/armtools/bin/../lib/gcc/arm-atollic-eabi/4.8.3/armv7-m\libgcc.a(_lshrdi3.o)
                              Drivers\STM32F1xx_HAL_Driver\stm32f1xx_hal_flash.o (__aeabi_llsr)

Allocating common symbols
Common symbol       size              file

pFlash              0x20              Drivers\STM32F1xx_HAL_Driver\stm32f1xx_hal_flash.o
hdma_dac_ch1        0x38              Application\User\dac.o
hadc1               0x30              Application\User\adc.o
huart1              0x40              Application\User\usart.o
hdac                0x14              Application\User\dac.o
hdma_adc1           0x38              Application\User\adc.o

Discarded input sections

 .text          0x00000000        0x0 d:/programs/stm/truestudio for arm lite 5.2.2/armtools/bin/../lib/gcc/arm-atollic-eabi/4.8.3/armv7-m/crti.o
 .data          0x00000000        0x0 d:/programs/stm/truestudio for arm lite 5.2.2/armtools/bin/../lib/gcc/arm-atollic-eabi/4.8.3/armv7-m/crti.o
 .bss           0x00000000        0x0 d:/programs/stm/truestudio for arm lite 5.2.2/armtools/bin/../lib/gcc/arm-atollic-eabi/4.8.3/armv7-m/crti.o
 .data          0x00000000        0x4 d:/programs/stm/truestudio for arm lite 5.2.2/armtools/bin/../lib/gcc/arm-atollic-eabi/4.8.3/armv7-m/crtbegin.o
 .text          0x00000000        0x0 Drivers\STM32F1xx_HAL_Driver\stm32f1xx_hal_uart.o
 .data          0x00000000        0x0 Drivers\STM32F1xx_HAL_Driver\stm32f1xx_hal_uart.o
 .bss           0x00000000        0x0 Drivers\STM32F1xx_HAL_Driver\stm32f1xx_hal_uart.o
 .text.UART_WaitOnFlagUntilTimeout.constprop.0
                0x00000000       0x60 Drivers\STM32F1xx_HAL_Driver\stm32f1xx_hal_uart.o
 .text.HAL_UART_MspInit
                0x00000000        0x2 Drivers\STM32F1xx_HAL_Driver\stm32f1xx_hal_uart.o
 .text.HAL_HalfDuplex_Init
                0x00000000       0x58 Drivers\STM32F1xx_HAL_Driver\stm32f1xx_hal_uart.o
 .text.HAL_LIN_Init
                0x00000000       0x64 Drivers\STM32F1xx_HAL_Driver\stm32f1xx_hal_uart.o
 .text.HAL_MultiProcessor_Init
                0x00000000       0x68 Drivers\STM32F1xx_HAL_Driver\stm32f1xx_hal_uart.o
 .text.HAL_UART_MspDeInit
                0x00000000        0x2 Drivers\STM32F1xx_HAL_Driver\stm32f1xx_hal_uart.o
 .text.HAL_UART_DeInit
                0x00000000       0x34 Drivers\STM32F1xx_HAL_Driver\stm32f1xx_hal_uart.o
 .text.HAL_UART_Transmit
                0x00000000       0xb8 Drivers\STM32F1xx_HAL_Driver\stm32f1xx_hal_uart.o
 .text.HAL_UART_Receive
                0x00000000       0xbc Drivers\STM32F1xx_HAL_Driver\stm32f1xx_hal_uart.o
 .text.HAL_UART_Transmit_IT
                0x00000000       0x5c Drivers\STM32F1xx_HAL_Driver\stm32f1xx_hal_uart.o
 .text.HAL_UART_Receive_IT
                0x00000000       0x64 Drivers\STM32F1xx_HAL_Driver\stm32f1xx_hal_uart.o
 .text.HAL_UART_Transmit_DMA
                0x00000000       0x84 Drivers\STM32F1xx_HAL_Driver\stm32f1xx_hal_uart.o
 .text.HAL_UART_Receive_DMA
                0x00000000       0x80 Drivers\STM32F1xx_HAL_Driver\stm32f1xx_hal_uart.o
 .text.HAL_UART_DMAPause
                0x00000000       0x5a Drivers\STM32F1xx_HAL_Driver\stm32f1xx_hal_uart.o
 .text.HAL_UART_DMAResume
                0x00000000       0x72 Drivers\STM32F1xx_HAL_Driver\stm32f1xx_hal_uart.o
 .text.HAL_UART_DMAStop
                0x00000000       0x28 Drivers\STM32F1xx_HAL_Driver\stm32f1xx_hal_uart.o
 .text.HAL_UART_TxCpltCallback
                0x00000000        0x2 Drivers\STM32F1xx_HAL_Driver\stm32f1xx_hal_uart.o
 .text.UART_DMATransmitCplt
                0x00000000       0x2c Drivers\STM32F1xx_HAL_Driver\stm32f1xx_hal_uart.o
 .text.HAL_UART_TxHalfCpltCallback
                0x00000000        0x2 Drivers\STM32F1xx_HAL_Driver\stm32f1xx_hal_uart.o
 .text.UART_DMATxHalfCplt
                0x00000000        0xa Drivers\STM32F1xx_HAL_Driver\stm32f1xx_hal_uart.o
 .text.HAL_UART_RxCpltCallback
                0x00000000        0x2 Drivers\STM32F1xx_HAL_Driver\stm32f1xx_hal_uart.o
 .text.UART_DMAReceiveCplt
                0x00000000       0x32 Drivers\STM32F1xx_HAL_Driver\stm32f1xx_hal_uart.o
 .text.HAL_UART_RxHalfCpltCallback
                0x00000000        0x2 Drivers\STM32F1xx_HAL_Driver\stm32f1xx_hal_uart.o
 .text.UART_DMARxHalfCplt
                0x00000000        0xa Drivers\STM32F1xx_HAL_Driver\stm32f1xx_hal_uart.o
 .text.HAL_UART_ErrorCallback
                0x00000000        0x2 Drivers\STM32F1xx_HAL_Driver\stm32f1xx_hal_uart.o
 .text.UART_DMAError
                0x00000000       0x1e Drivers\STM32F1xx_HAL_Driver\stm32f1xx_hal_uart.o
 .text.HAL_UART_IRQHandler
                0x00000000      0x1aa Drivers\STM32F1xx_HAL_Driver\stm32f1xx_hal_uart.o
[...]
Memory Configuration

Name             Origin             Length             Attributes
FLASH            0x08000000         0x00020000         xr
RAM              0x20000000         0x00002000         xrw
*default*        0x00000000         0xffffffff

Linker script and memory map

LOAD d:/programs/stm/truestudio for arm lite 5.2.2/armtools/bin/../lib/gcc/arm-atollic-eabi/4.8.3/armv7-m/crti.o
LOAD d:/programs/stm/truestudio for arm lite 5.2.2/armtools/bin/../lib/gcc/arm-atollic-eabi/4.8.3/armv7-m/crtbegin.o
LOAD Drivers\STM32F1xx_HAL_Driver\stm32f1xx_hal_uart.o
LOAD Drivers\STM32F1xx_HAL_Driver\stm32f1xx_hal_rcc_ex.o
LOAD Drivers\STM32F1xx_HAL_Driver\stm32f1xx_hal_rcc.o
LOAD Drivers\STM32F1xx_HAL_Driver\stm32f1xx_hal_pwr.o
LOAD Drivers\STM32F1xx_HAL_Driver\stm32f1xx_hal_gpio_ex.o
LOAD Drivers\STM32F1xx_HAL_Driver\stm32f1xx_hal_gpio.o
LOAD Drivers\STM32F1xx_HAL_Driver\stm32f1xx_hal_flash_ex.o
LOAD Drivers\STM32F1xx_HAL_Driver\stm32f1xx_hal_flash.o
LOAD Drivers\STM32F1xx_HAL_Driver\stm32f1xx_hal_dma.o
LOAD Drivers\STM32F1xx_HAL_Driver\stm32f1xx_hal_dac_ex.o
LOAD Drivers\STM32F1xx_HAL_Driver\stm32f1xx_hal_dac.o
LOAD Drivers\STM32F1xx_HAL_Driver\stm32f1xx_hal_cortex.o
LOAD Drivers\STM32F1xx_HAL_Driver\stm32f1xx_hal_adc_ex.o
LOAD Drivers\STM32F1xx_HAL_Driver\stm32f1xx_hal_adc.o
LOAD Drivers\STM32F1xx_HAL_Driver\stm32f1xx_hal.o
LOAD Drivers\CMSIS\system_stm32f1xx.o
LOAD Application\User\usart.o
LOAD Application\User\stm32f1xx_it.o
LOAD Application\User\stm32f1xx_hal_msp.o
LOAD Application\User\main.o
LOAD Application\User\gpio.o
LOAD Application\User\dma.o
LOAD Application\User\dac.o
LOAD Application\User\adc.o
LOAD Application\TrueSTUDIO\startup_stm32f100xb.o
START GROUP
LOAD d:/programs/stm/truestudio for arm lite 5.2.2/armtools/bin/../lib/gcc/arm-atollic-eabi/4.8.3/../../../../arm-atollic-eabi/lib/armv7-m\libc.a
LOAD d:/programs/stm/truestudio for arm lite 5.2.2/armtools/bin/../lib/gcc/arm-atollic-eabi/4.8.3/../../../../arm-atollic-eabi/lib/armv7-m\libm.a
END GROUP
                0x00001000                malloc_getpagesize_P = 0x1000
START GROUP
LOAD d:/programs/stm/truestudio for arm lite 5.2.2/armtools/bin/../lib/gcc/arm-atollic-eabi/4.8.3/armv7-m\libgcc.a
LOAD d:/programs/stm/truestudio for arm lite 5.2.2/armtools/bin/../lib/gcc/arm-atollic-eabi/4.8.3/../../../../arm-atollic-eabi/lib/armv7-m\libc.a
END GROUP
LOAD d:/programs/stm/truestudio for arm lite 5.2.2/armtools/bin/../lib/gcc/arm-atollic-eabi/4.8.3/armv7-m/crtend.o
LOAD d:/programs/stm/truestudio for arm lite 5.2.2/armtools/bin/../lib/gcc/arm-atollic-eabi/4.8.3/armv7-m/crtn.o
                0x20001fff                _estack = 0x20001fff
                0x00000000                _Min_Heap_Size = 0x0
                0x00000400                _Min_Stack_Size = 0x400

.isr_vector     0x08000000      0x1d0
                0x08000000                . = ALIGN (0x4)
 *(.isr_vector)
 .isr_vector    0x08000000      0x1d0 Application\TrueSTUDIO\startup_stm32f100xb.o
                0x08000000                g_pfnVectors
                0x080001d0                . = ALIGN (0x4)

.text           0x080001d0     0x1714
                0x080001d0                . = ALIGN (0x4)
 *(.text)
 .text          0x080001d0       0x40 d:/programs/stm/truestudio for arm lite 5.2.2/armtools/bin/../lib/gcc/arm-atollic-eabi/4.8.3/armv7-m/crtbegin.o
 *(.text*)
 .text.UART_SetConfig
                0x08000210       0xc8 Drivers\STM32F1xx_HAL_Driver\stm32f1xx_hal_uart.o
 .text.HAL_UART_Init
                0x080002d8       0x58 Drivers\STM32F1xx_HAL_Driver\stm32f1xx_hal_uart.o
                0x080002d8                HAL_UART_Init
 .text.HAL_RCC_GetSysClockFreq
                0x08000330       0xac Drivers\STM32F1xx_HAL_Driver\stm32f1xx_hal_rcc_ex.o
                0x08000330                HAL_RCC_GetSysClockFreq
 .text.HAL_RCCEx_PeriphCLKConfig
                0x080003dc      0x114 Drivers\STM32F1xx_HAL_Driver\stm32f1xx_hal_rcc_ex.o
                0x080003dc                HAL_RCCEx_PeriphCLKConfig
 .text.HAL_RCC_OscConfig
                0x080004f0      0x734 Drivers\STM32F1xx_HAL_Driver\stm32f1xx_hal_rcc.o
                0x080004f0                HAL_RCC_OscConfig
 .text.HAL_RCC_ClockConfig
                0x08000c24      0x16c Drivers\STM32F1xx_HAL_Driver\stm32f1xx_hal_rcc.o
                0x08000c24                HAL_RCC_ClockConfig
 .text.HAL_RCC_GetHCLKFreq
                0x08000d90       0x38 Drivers\STM32F1xx_HAL_Driver\stm32f1xx_hal_rcc.o
                0x08000d90                HAL_RCC_GetHCLKFreq
 .text.HAL_RCC_GetPCLK1Freq
                0x08000dc8       0x30 Drivers\STM32F1xx_HAL_Driver\stm32f1xx_hal_rcc.o
                0x08000dc8                HAL_RCC_GetPCLK1Freq
 .text.HAL_RCC_GetPCLK2Freq
                0x08000df8       0x30 Drivers\STM32F1xx_HAL_Driver\stm32f1xx_hal_rcc.o
                0x08000df8                HAL_RCC_GetPCLK2Freq
 .text.HAL_GPIO_Init
                0x08000e28      0x184 Drivers\STM32F1xx_HAL_Driver\stm32f1xx_hal_gpio.o
                0x08000e28                HAL_GPIO_Init
 .text.HAL_GPIO_WritePin
                0x08000fac        0x8 Drivers\STM32F1xx_HAL_Driver\stm32f1xx_hal_gpio.o
                0x08000fac                HAL_GPIO_WritePin
 .text.HAL_DMA_Init
                0x08000fb4       0x4a Drivers\STM32F1xx_HAL_Driver\stm32f1xx_hal_dma.o
                0x08000fb4                HAL_DMA_Init
 .text.HAL_DAC_Init
                0x08000ffe       0x26 Drivers\STM32F1xx_HAL_Driver\stm32f1xx_hal_dac.o
                0x08000ffe                HAL_DAC_Init
 .text.HAL_DAC_ConfigChannel
                0x08001024       0x42 Drivers\STM32F1xx_HAL_Driver\stm32f1xx_hal_dac.o
                0x08001024                HAL_DAC_ConfigChannel
 *fill*         0x08001066        0x2 
 .text.HAL_NVIC_SetPriorityGrouping
                0x08001068       0x24 Drivers\STM32F1xx_HAL_Driver\stm32f1xx_hal_cortex.o
                0x08001068                HAL_NVIC_SetPriorityGrouping
 .text.HAL_NVIC_SetPriority
                0x0800108c       0x64 Drivers\STM32F1xx_HAL_Driver\stm32f1xx_hal_cortex.o
                0x0800108c                HAL_NVIC_SetPriority
 .text.HAL_SYSTICK_Config
                0x080010f0       0x2c Drivers\STM32F1xx_HAL_Driver\stm32f1xx_hal_cortex.o
                0x080010f0                HAL_SYSTICK_Config
 .text.HAL_SYSTICK_Callback
                0x0800111c        0x2 Drivers\STM32F1xx_HAL_Driver\stm32f1xx_hal_cortex.o
                0x0800111c                HAL_SYSTICK_Callback
 .text.HAL_SYSTICK_IRQHandler
                0x0800111e        0x8 Drivers\STM32F1xx_HAL_Driver\stm32f1xx_hal_cortex.o
                0x0800111e                HAL_SYSTICK_IRQHandler
 *fill*         0x08001126        0x2 
 .text.HAL_ADC_ConfigChannel
                0x08001128      0x1ac Drivers\STM32F1xx_HAL_Driver\stm32f1xx_hal_adc.o
                0x08001128                HAL_ADC_ConfigChannel
 .text.ADC_ConversionStop_Disable
                0x080012d4       0x42 Drivers\STM32F1xx_HAL_Driver\stm32f1xx_hal_adc.o
                0x080012d4                ADC_ConversionStop_Disable
 *fill*         0x08001316        0x2 
 .text.HAL_ADC_Init
                0x08001318       0xf8 Drivers\STM32F1xx_HAL_Driver\stm32f1xx_hal_adc.o
                0x08001318                HAL_ADC_Init
 .text.HAL_InitTick
                0x08001410       0x24 Drivers\STM32F1xx_HAL_Driver\stm32f1xx_hal.o
                0x08001410                HAL_InitTick
 .text.HAL_Init
                0x08001434       0x16 Drivers\STM32F1xx_HAL_Driver\stm32f1xx_hal.o
                0x08001434                HAL_Init
 *fill*         0x0800144a        0x2 
 .text.HAL_IncTick
                0x0800144c       0x10 Drivers\STM32F1xx_HAL_Driver\stm32f1xx_hal.o
                0x0800144c                HAL_IncTick
 .text.HAL_GetTick
                0x0800145c        0xc Drivers\STM32F1xx_HAL_Driver\stm32f1xx_hal.o
                0x0800145c                HAL_GetTick
 .text.HAL_Delay
                0x08001468       0x1a Drivers\STM32F1xx_HAL_Driver\stm32f1xx_hal.o
                0x08001468                HAL_Delay
 *fill*         0x08001482        0x2 
 .text.SystemInit
                0x08001484       0x50 Drivers\CMSIS\system_stm32f1xx.o
                0x08001484                SystemInit
 .text.MX_USART1_UART_Init
                0x080014d4       0x28 Application\User\usart.o
                0x080014d4                MX_USART1_UART_Init
 .text.HAL_UART_MspInit
                0x080014fc       0x58 Application\User\usart.o
                0x080014fc                HAL_UART_MspInit
 .text.SysTick_Handler
                0x08001554        0xe Application\User\stm32f1xx_it.o
                0x08001554                SysTick_Handler
 *fill*         0x08001562        0x2 
 .text.HAL_MspInit
                0x08001564       0x28 Application\User\stm32f1xx_hal_msp.o
                0x08001564                HAL_MspInit
 .text.SystemClock_Config
                0x0800158c       0x50 Application\User\main.o
                0x0800158c                SystemClock_Config
 .text.startup.main
                0x080015dc       0x4c Application\User\main.o
                0x080015dc                main
 .text.MX_GPIO_Init
                0x08001628       0x4c Application\User\gpio.o
                0x08001628                MX_GPIO_Init
 .text.MX_DMA_Init
                0x08001674       0x20 Application\User\dma.o
                0x08001674                MX_DMA_Init
 .text.MX_DAC_Init
                0x08001694       0x28 Application\User\dac.o
                0x08001694                MX_DAC_Init
 .text.HAL_DAC_MspInit
                0x080016bc       0x78 Application\User\dac.o
                0x080016bc                HAL_DAC_MspInit
 .text.MX_ADC1_Init
                0x08001734       0x7c Application\User\adc.o
                0x08001734                MX_ADC1_Init
 .text.HAL_ADC_MspInit
                0x080017b0       0x7c Application\User\adc.o
                0x080017b0                HAL_ADC_MspInit
 .text.Reset_Handler
                0x0800182c       0x50 Application\TrueSTUDIO\startup_stm32f100xb.o
                0x0800182c                Reset_Handler
 .text.Default_Handler
                0x0800187c        0x4 Application\TrueSTUDIO\startup_stm32f100xb.o
                0x0800187c                RTC_Alarm_IRQHandler
                0x0800187c                EXTI2_IRQHandler
                0x0800187c                DebugMon_Handler
                0x0800187c                TIM1_CC_IRQHandler
                0x0800187c                HardFault_Handler
                0x0800187c                PVD_IRQHandler
                0x0800187c                PendSV_Handler
                0x0800187c                NMI_Handler
                0x0800187c                EXTI3_IRQHandler
                0x0800187c                EXTI0_IRQHandler
                0x0800187c                TIM1_UP_TIM16_IRQHandler
                0x0800187c                UsageFault_Handler
                0x0800187c                SPI1_IRQHandler
                0x0800187c                TAMPER_IRQHandler
                0x0800187c                TIM6_DAC_IRQHandler
                0x0800187c                DMA1_Channel4_IRQHandler
                0x0800187c                ADC1_IRQHandler
                0x0800187c                USART3_IRQHandler
                0x0800187c                RTC_IRQHandler
                0x0800187c                DMA1_Channel7_IRQHandler
                0x0800187c                TIM4_IRQHandler
                0x0800187c                I2C1_EV_IRQHandler
                0x0800187c                DMA1_Channel6_IRQHandler
                0x0800187c                TIM3_IRQHandler
                0x0800187c                RCC_IRQHandler
                0x0800187c                DMA1_Channel1_IRQHandler
                0x0800187c                Default_Handler
                0x0800187c                CEC_IRQHandler
                0x0800187c                EXTI15_10_IRQHandler
                0x0800187c                TIM7_IRQHandler
                0x0800187c                EXTI9_5_IRQHandler
                0x0800187c                MemManage_Handler
                0x0800187c                SVC_Handler
                0x0800187c                DMA1_Channel5_IRQHandler
                0x0800187c                EXTI4_IRQHandler
                0x0800187c                TIM1_TRG_COM_TIM17_IRQHandler
                0x0800187c                DMA1_Channel3_IRQHandler
                0x0800187c                WWDG_IRQHandler
                0x0800187c                TIM2_IRQHandler
                0x0800187c                EXTI1_IRQHandler
                0x0800187c                USART2_IRQHandler
                0x0800187c                DMA1_Channel2_IRQHandler
                0x0800187c                FLASH_IRQHandler
                0x0800187c                BusFault_Handler
                0x0800187c                USART1_IRQHandler
                0x0800187c                I2C1_ER_IRQHandler
                0x0800187c                TIM1_BRK_TIM15_IRQHandler
 .text.__libc_init_array
                0x08001880       0x4c d:/programs/stm/truestudio for arm lite 5.2.2/armtools/bin/../lib/gcc/arm-atollic-eabi/4.8.3/../../../../arm-atollic-eabi/lib/armv7-m\libc.a(lib_a-init.o)
                0x08001880                __libc_init_array
 *(.glue_7)
 .glue_7        0x00000000        0x0 linker stubs
 *(.glue_7t)
 .glue_7t       0x00000000        0x0 linker stubs
 *(.eh_frame)
 .eh_frame      0x080018cc        0x0 d:/programs/stm/truestudio for arm lite 5.2.2/armtools/bin/../lib/gcc/arm-atollic-eabi/4.8.3/armv7-m/crtbegin.o
 *(.init)
 .init          0x080018cc        0x4 d:/programs/stm/truestudio for arm lite 5.2.2/armtools/bin/../lib/gcc/arm-atollic-eabi/4.8.3/armv7-m/crti.o
                0x080018cc                _init
 .init          0x080018d0        0x8 d:/programs/stm/truestudio for arm lite 5.2.2/armtools/bin/../lib/gcc/arm-atollic-eabi/4.8.3/armv7-m/crtn.o
 *(.fini)
 .fini          0x080018d8        0x4 d:/programs/stm/truestudio for arm lite 5.2.2/armtools/bin/../lib/gcc/arm-atollic-eabi/4.8.3/armv7-m/crti.o
                0x080018d8                _fini
 .fini          0x080018dc        0x8 d:/programs/stm/truestudio for arm lite 5.2.2/armtools/bin/../lib/gcc/arm-atollic-eabi/4.8.3/armv7-m/crtn.o
                0x080018e4                . = ALIGN (0x4)
                0x080018e4                _etext = .

.vfp11_veneer   0x080018e4        0x0
 .vfp11_veneer  0x00000000        0x0 linker stubs

.v4_bx          0x080018e4        0x0
 .v4_bx         0x00000000        0x0 linker stubs

.iplt           0x080018e4        0x0
 .iplt          0x00000000        0x0 d:/programs/stm/truestudio for arm lite 5.2.2/armtools/bin/../lib/gcc/arm-atollic-eabi/4.8.3/armv7-m/crtbegin.o

.rodata         0x080018e4       0x30
                0x080018e4                . = ALIGN (0x4)
 *(.rodata)
 .rodata        0x080018e4       0x20 Drivers\STM32F1xx_HAL_Driver\stm32f1xx_hal_rcc_ex.o
 *(.rodata*)
 .rodata.aAPBAHBPrescTable
                0x08001904       0x10 Drivers\STM32F1xx_HAL_Driver\stm32f1xx_hal_rcc.o
                0x08001904                aAPBAHBPrescTable
                0x08001914                . = ALIGN (0x4)

.rel.dyn        0x08001914        0x0
 .rel.iplt      0x00000000        0x0 d:/programs/stm/truestudio for arm lite 5.2.2/armtools/bin/../lib/gcc/arm-atollic-eabi/4.8.3/armv7-m/crtbegin.o

.ARM.extab
 *(.ARM.extab* .gnu.linkonce.armextab.*)

.ARM            0x08001914        0x0
                0x08001914                __exidx_start = .
 *(.ARM.exidx*)
                0x08001914                __exidx_end = .

.preinit_array  0x08001914        0x0
                0x08001914                PROVIDE (__preinit_array_start, .)
 *(.preinit_array*)
                0x08001914                PROVIDE (__preinit_array_end, .)

.init_array     0x08001914        0x4
                0x08001914                PROVIDE (__init_array_start, .)
 *(SORT(.init_array.*))
 *(.init_array*)
 .init_array    0x08001914        0x4 d:/programs/stm/truestudio for arm lite 5.2.2/armtools/bin/../lib/gcc/arm-atollic-eabi/4.8.3/armv7-m/crtbegin.o
                0x08001918                PROVIDE (__init_array_end, .)

.fini_array     0x08001918        0x4
                0x08001918                PROVIDE (__fini_array_start, .)
 *(SORT(.fini_array.*))
 *(.fini_array*)
 .fini_array    0x08001918        0x4 d:/programs/stm/truestudio for arm lite 5.2.2/armtools/bin/../lib/gcc/arm-atollic-eabi/4.8.3/armv7-m/crtbegin.o
                0x0800191c                PROVIDE (__fini_array_end, .)
                0x0800191c                _sidata = LOADADDR (.data)

.data           0x20000000        0x4 load address 0x0800191c
                0x20000000                . = ALIGN (0x4)
                0x20000000                _sdata = .
 *(.data)
 *(.data*)
 .data.SystemCoreClock
                0x20000000        0x4 Drivers\CMSIS\system_stm32f1xx.o
                0x20000000                SystemCoreClock
                0x20000004                . = ALIGN (0x4)
                0x20000004                _edata = .

.igot.plt       0x20000004        0x0 load address 0x08001920
 .igot.plt      0x00000000        0x0 d:/programs/stm/truestudio for arm lite 5.2.2/armtools/bin/../lib/gcc/arm-atollic-eabi/4.8.3/armv7-m/crtbegin.o
                0x20000004                . = ALIGN (0x4)

.bss            0x20000004      0x114 load address 0x08001920
                0x20000004                _sbss = .
                0x20000004                __bss_start__ = _sbss
 *(.bss)
 .bss           0x20000004       0x1c d:/programs/stm/truestudio for arm lite 5.2.2/armtools/bin/../lib/gcc/arm-atollic-eabi/4.8.3/armv7-m/crtbegin.o
 *(.bss*)
 .bss.uwTick    0x20000020        0x4 Drivers\STM32F1xx_HAL_Driver\stm32f1xx_hal.o
 *(COMMON)
 COMMON         0x20000024       0x40 Application\User\usart.o
                0x20000024                huart1
 COMMON         0x20000064       0x4c Application\User\dac.o
                0x20000064                hdma_dac_ch1
                0x2000009c                hdac
 COMMON         0x200000b0       0x68 Application\User\adc.o
                0x200000b0                hadc1
                0x200000e0                hdma_adc1
                0x20000118                . = ALIGN (0x4)
                0x20000118                _ebss = .
                0x20000118                __bss_end__ = _ebss

._user_heap_stack
                0x20000118      0x400 load address 0x08001920
                0x20000118                . = ALIGN (0x4)
                0x20000118                PROVIDE (end, .)
                0x20000118                PROVIDE (_end, .)
                0x20000118                . = (. + _Min_Heap_Size)
                0x20000518                . = (. + _Min_Stack_Size)
 *fill*         0x20000118      0x400 
                0x20000518                . = ALIGN (0x4)

/DISCARD/
 libc.a(*)
 libm.a(*)
 libgcc.a(*)

.ARM.attributes
                0x00000000       0x29
 *(.ARM.attributes)
 .ARM.attributes
                0x00000000       0x1d d:/programs/stm/truestudio for arm lite 5.2.2/armtools/bin/../lib/gcc/arm-atollic-eabi/4.8.3/armv7-m/crti.o
 .ARM.attributes
                0x0000001d       0x2d d:/programs/stm/truestudio for arm lite 5.2.2/armtools/bin/../lib/gcc/arm-atollic-eabi/4.8.3/armv7-m/crtbegin.o
 .ARM.attributes
                0x0000004a       0x33 Drivers\STM32F1xx_HAL_Driver\stm32f1xx_hal_uart.o
 .ARM.attributes
                0x0000007d       0x33 Drivers\STM32F1xx_HAL_Driver\stm32f1xx_hal_rcc_ex.o
 .ARM.attributes
                0x000000b0       0x33 Drivers\STM32F1xx_HAL_Driver\stm32f1xx_hal_rcc.o
 .ARM.attributes
                0x000000e3       0x33 Drivers\STM32F1xx_HAL_Driver\stm32f1xx_hal_gpio.o
 .ARM.attributes
                0x00000116       0x33 Drivers\STM32F1xx_HAL_Driver\stm32f1xx_hal_dma.o
 .ARM.attributes
                0x00000149       0x33 Drivers\STM32F1xx_HAL_Driver\stm32f1xx_hal_dac.o
 .ARM.attributes
                0x0000017c       0x33 Drivers\STM32F1xx_HAL_Driver\stm32f1xx_hal_cortex.o
 .ARM.attributes
                0x000001af       0x33 Drivers\STM32F1xx_HAL_Driver\stm32f1xx_hal_adc.o
 .ARM.attributes
                0x000001e2       0x33 Drivers\STM32F1xx_HAL_Driver\stm32f1xx_hal.o
 .ARM.attributes
                0x00000215       0x33 Drivers\CMSIS\system_stm32f1xx.o
 .ARM.attributes
                0x00000248       0x33 Application\User\usart.o
 .ARM.attributes
                0x0000027b       0x33 Application\User\stm32f1xx_it.o
 .ARM.attributes
                0x000002ae       0x33 Application\User\stm32f1xx_hal_msp.o
 .ARM.attributes
                0x000002e1       0x33 Application\User\main.o
 .ARM.attributes
                0x00000314       0x33 Application\User\gpio.o
 .ARM.attributes
                0x00000347       0x33 Application\User\dma.o
 .ARM.attributes
                0x0000037a       0x33 Application\User\dac.o
 .ARM.attributes
                0x000003ad       0x33 Application\User\adc.o
 .ARM.attributes
                0x000003e0       0x21 Application\TrueSTUDIO\startup_stm32f100xb.o
 .ARM.attributes
                0x00000401       0x2d d:/programs/stm/truestudio for arm lite 5.2.2/armtools/bin/../lib/gcc/arm-atollic-eabi/4.8.3/../../../../arm-atollic-eabi/lib/armv7-m\libc.a(lib_a-init.o)
 .ARM.attributes
                0x0000042e       0x1d d:/programs/stm/truestudio for arm lite 5.2.2/armtools/bin/../lib/gcc/arm-atollic-eabi/4.8.3/armv7-m/crtn.o
OUTPUT(test3 Configuration.elf elf32-littlearm)

.debug_info     0x00000000     0xa496
 .debug_info    0x00000000     0x1126 Drivers\STM32F1xx_HAL_Driver\stm32f1xx_hal_uart.o
 .debug_info    0x00001126      0x7db Drivers\STM32F1xx_HAL_Driver\stm32f1xx_hal_rcc_ex.o
 .debug_info    0x00001901     0x2628 Drivers\STM32F1xx_HAL_Driver\stm32f1xx_hal_rcc.o
 .debug_info    0x00003f29      0x60f Drivers\STM32F1xx_HAL_Driver\stm32f1xx_hal_gpio.o
 .debug_info    0x00004538      0x624 Drivers\STM32F1xx_HAL_Driver\stm32f1xx_hal_dma.o
 .debug_info    0x00004b5c      0x908 Drivers\STM32F1xx_HAL_Driver\stm32f1xx_hal_dac.o
 .debug_info    0x00005464      0xbd8 Drivers\STM32F1xx_HAL_Driver\stm32f1xx_hal_cortex.o
 .debug_info    0x0000603c     0x13af Drivers\STM32F1xx_HAL_Driver\stm32f1xx_hal_adc.o
 .debug_info    0x000073eb      0x697 Drivers\STM32F1xx_HAL_Driver\stm32f1xx_hal.o
 .debug_info    0x00007a82      0x3af Drivers\CMSIS\system_stm32f1xx.o
 .debug_info    0x00007e31      0x74e Application\User\usart.o
 .debug_info    0x0000857f       0xd1 Application\User\stm32f1xx_it.o
 .debug_info    0x00008650      0x2c6 Application\User\stm32f1xx_hal_msp.o
 .debug_info    0x00008916      0x5ab Application\User\main.o
 .debug_info    0x00008ec1      0x2c5 Application\User\gpio.o
 .debug_info    0x00009186      0x190 Application\User\dma.o
 .debug_info    0x00009316      0x7d5 Application\User\dac.o
 .debug_info    0x00009aeb      0x8e2 Application\User\adc.o
 .debug_info    0x0000a3cd       0xc9 Application\TrueSTUDIO\startup_stm32f100xb.o

.debug_abbrev   0x00000000     0x2126
 .debug_abbrev  0x00000000      0x2ab Drivers\STM32F1xx_HAL_Driver\stm32f1xx_hal_uart.o
 .debug_abbrev  0x000002ab      0x22d Drivers\STM32F1xx_HAL_Driver\stm32f1xx_hal_rcc_ex.o
 .debug_abbrev  0x000004d8      0x33a Drivers\STM32F1xx_HAL_Driver\stm32f1xx_hal_rcc.o
 .debug_abbrev  0x00000812      0x1c8 Drivers\STM32F1xx_HAL_Driver\stm32f1xx_hal_gpio.o
 .debug_abbrev  0x000009da      0x202 Drivers\STM32F1xx_HAL_Driver\stm32f1xx_hal_dma.o
 .debug_abbrev  0x00000bdc      0x1cb Drivers\STM32F1xx_HAL_Driver\stm32f1xx_hal_dac.o
 .debug_abbrev  0x00000da7      0x29f Drivers\STM32F1xx_HAL_Driver\stm32f1xx_hal_cortex.o
 .debug_abbrev  0x00001046      0x2e5 Drivers\STM32F1xx_HAL_Driver\stm32f1xx_hal_adc.o
 .debug_abbrev  0x0000132b      0x26f Drivers\STM32F1xx_HAL_Driver\stm32f1xx_hal.o
 .debug_abbrev  0x0000159a      0x101 Drivers\CMSIS\system_stm32f1xx.o
 .debug_abbrev  0x0000169b      0x1b4 Application\User\usart.o
 .debug_abbrev  0x0000184f       0xa4 Application\User\stm32f1xx_it.o
 .debug_abbrev  0x000018f3      0x109 Application\User\stm32f1xx_hal_msp.o
 .debug_abbrev  0x000019fc      0x1a5 Application\User\main.o
 .debug_abbrev  0x00001ba1      0x129 Application\User\gpio.o
 .debug_abbrev  0x00001cca       0xb7 Application\User\dma.o
 .debug_abbrev  0x00001d81      0x1dd Application\User\dac.o
 .debug_abbrev  0x00001f5e      0x1b6 Application\User\adc.o
 .debug_abbrev  0x00002114       0x12 Application\TrueSTUDIO\startup_stm32f100xb.o

.debug_loc      0x00000000     0x44bb
 .debug_loc     0x00000000      0xd9e Drivers\STM32F1xx_HAL_Driver\stm32f1xx_hal_uart.o
 .debug_loc     0x00000d9e      0x47e Drivers\STM32F1xx_HAL_Driver\stm32f1xx_hal_rcc_ex.o
 .debug_loc     0x0000121c     0x1386 Drivers\STM32F1xx_HAL_Driver\stm32f1xx_hal_rcc.o
 .debug_loc     0x000025a2      0x329 Drivers\STM32F1xx_HAL_Driver\stm32f1xx_hal_gpio.o
 .debug_loc     0x000028cb      0x432 Drivers\STM32F1xx_HAL_Driver\stm32f1xx_hal_dma.o
 .debug_loc     0x00002cfd      0x54f Drivers\STM32F1xx_HAL_Driver\stm32f1xx_hal_dac.o
 .debug_loc     0x0000324c      0x443 Drivers\STM32F1xx_HAL_Driver\stm32f1xx_hal_cortex.o
 .debug_loc     0x0000368f      0xbbd Drivers\STM32F1xx_HAL_Driver\stm32f1xx_hal_adc.o
 .debug_loc     0x0000424c       0x8e Drivers\STM32F1xx_HAL_Driver\stm32f1xx_hal.o
 .debug_loc     0x000042da       0xce Drivers\CMSIS\system_stm32f1xx.o
 .debug_loc     0x000043a8       0x4d Application\User\usart.o
 .debug_loc     0x000043f5       0x63 Application\User\dac.o
 .debug_loc     0x00004458       0x63 Application\User\adc.o

.debug_aranges  0x00000000      0x720
 .debug_aranges
                0x00000000      0x138 Drivers\STM32F1xx_HAL_Driver\stm32f1xx_hal_uart.o
 .debug_aranges
                0x00000138       0x40 Drivers\STM32F1xx_HAL_Driver\stm32f1xx_hal_rcc_ex.o
 .debug_aranges
                0x00000178       0x88 Drivers\STM32F1xx_HAL_Driver\stm32f1xx_hal_rcc.o
 .debug_aranges
                0x00000200       0x58 Drivers\STM32F1xx_HAL_Driver\stm32f1xx_hal_gpio.o
 .debug_aranges
                0x00000258       0x60 Drivers\STM32F1xx_HAL_Driver\stm32f1xx_hal_dma.o
 .debug_aranges
                0x000002b8       0xb0 Drivers\STM32F1xx_HAL_Driver\stm32f1xx_hal_dac.o
 .debug_aranges
                0x00000368       0x90 Drivers\STM32F1xx_HAL_Driver\stm32f1xx_hal_cortex.o
 .debug_aranges
                0x000003f8       0xf0 Drivers\STM32F1xx_HAL_Driver\stm32f1xx_hal_adc.o
 .debug_aranges
                0x000004e8       0xb0 Drivers\STM32F1xx_HAL_Driver\stm32f1xx_hal.o
 .debug_aranges
                0x00000598       0x28 Drivers\CMSIS\system_stm32f1xx.o
 .debug_aranges
                0x000005c0       0x30 Application\User\usart.o
 .debug_aranges
                0x000005f0       0x20 Application\User\stm32f1xx_it.o
 .debug_aranges
                0x00000610       0x20 Application\User\stm32f1xx_hal_msp.o
 .debug_aranges
                0x00000630       0x28 Application\User\main.o
 .debug_aranges
                0x00000658       0x20 Application\User\gpio.o
 .debug_aranges
                0x00000678       0x20 Application\User\dma.o
 .debug_aranges
                0x00000698       0x30 Application\User\dac.o
 .debug_aranges
                0x000006c8       0x30 Application\User\adc.o
 .debug_aranges
                0x000006f8       0x28 Application\TrueSTUDIO\startup_stm32f100xb.o

.debug_ranges   0x00000000      0x808
 .debug_ranges  0x00000000      0x128 Drivers\STM32F1xx_HAL_Driver\stm32f1xx_hal_uart.o
 .debug_ranges  0x00000128       0x48 Drivers\STM32F1xx_HAL_Driver\stm32f1xx_hal_rcc_ex.o
 .debug_ranges  0x00000170       0xd0 Drivers\STM32F1xx_HAL_Driver\stm32f1xx_hal_rcc.o
 .debug_ranges  0x00000240       0x48 Drivers\STM32F1xx_HAL_Driver\stm32f1xx_hal_gpio.o
 .debug_ranges  0x00000288       0x80 Drivers\STM32F1xx_HAL_Driver\stm32f1xx_hal_dma.o
 .debug_ranges  0x00000308       0xa0 Drivers\STM32F1xx_HAL_Driver\stm32f1xx_hal_dac.o
 .debug_ranges  0x000003a8       0xe8 Drivers\STM32F1xx_HAL_Driver\stm32f1xx_hal_cortex.o
 .debug_ranges  0x00000490      0x140 Drivers\STM32F1xx_HAL_Driver\stm32f1xx_hal_adc.o
 .debug_ranges  0x000005d0       0xa0 Drivers\STM32F1xx_HAL_Driver\stm32f1xx_hal.o
 .debug_ranges  0x00000670       0x18 Drivers\CMSIS\system_stm32f1xx.o
 .debug_ranges  0x00000688       0x40 Application\User\usart.o
 .debug_ranges  0x000006c8       0x10 Application\User\stm32f1xx_it.o
 .debug_ranges  0x000006d8       0x10 Application\User\stm32f1xx_hal_msp.o
 .debug_ranges  0x000006e8       0x18 Application\User\main.o
 .debug_ranges  0x00000700       0x30 Application\User\gpio.o
 .debug_ranges  0x00000730       0x28 Application\User\dma.o
 .debug_ranges  0x00000758       0x48 Application\User\dac.o
 .debug_ranges  0x000007a0       0x48 Application\User\adc.o
 .debug_ranges  0x000007e8       0x20 Application\TrueSTUDIO\startup_stm32f100xb.o

.debug_line     0x00000000     0x489b
 .debug_line    0x00000000      0x9e4 Drivers\STM32F1xx_HAL_Driver\stm32f1xx_hal_uart.o
 .debug_line    0x000009e4      0x3e4 Drivers\STM32F1xx_HAL_Driver\stm32f1xx_hal_rcc_ex.o
 .debug_line    0x00000dc8      0xad3 Drivers\STM32F1xx_HAL_Driver\stm32f1xx_hal_rcc.o
 .debug_line    0x0000189b      0x3a9 Drivers\STM32F1xx_HAL_Driver\stm32f1xx_hal_gpio.o
 .debug_line    0x00001c44      0x576 Drivers\STM32F1xx_HAL_Driver\stm32f1xx_hal_dma.o
 .debug_line    0x000021ba      0x45e Drivers\STM32F1xx_HAL_Driver\stm32f1xx_hal_dac.o
 .debug_line    0x00002618      0x369 Drivers\STM32F1xx_HAL_Driver\stm32f1xx_hal_cortex.o
 .debug_line    0x00002981      0x852 Drivers\STM32F1xx_HAL_Driver\stm32f1xx_hal_adc.o
 .debug_line    0x000031d3      0x381 Drivers\STM32F1xx_HAL_Driver\stm32f1xx_hal.o
 .debug_line    0x00003554      0x1ee Drivers\CMSIS\system_stm32f1xx.o
 .debug_line    0x00003742      0x250 Application\User\usart.o
 .debug_line    0x00003992      0x19a Application\User\stm32f1xx_it.o
 .debug_line    0x00003b2c      0x1d0 Application\User\stm32f1xx_hal_msp.o
 .debug_line    0x00003cfc      0x29f Application\User\main.o
 .debug_line    0x00003f9b      0x1cd Application\User\gpio.o
 .debug_line    0x00004168      0x17f Application\User\dma.o
 .debug_line    0x000042e7      0x25e Application\User\dac.o
 .debug_line    0x00004545      0x2a4 Application\User\adc.o
 .debug_line    0x000047e9       0xb2 Application\TrueSTUDIO\startup_stm32f100xb.o

.debug_str      0x00000000     0x2282
 .debug_str     0x00000000      0x8e7 Drivers\STM32F1xx_HAL_Driver\stm32f1xx_hal_uart.o
                                0x9ab (size before relaxing)
 .debug_str     0x000008e7      0x204 Drivers\STM32F1xx_HAL_Driver\stm32f1xx_hal_rcc_ex.o
                                0x432 (size before relaxing)
 .debug_str     0x00000aeb      0x2c1 Drivers\STM32F1xx_HAL_Driver\stm32f1xx_hal_rcc.o
                                0x614 (size before relaxing)
 .debug_str     0x00000dac      0x189 Drivers\STM32F1xx_HAL_Driver\stm32f1xx_hal_gpio.o
                                0x439 (size before relaxing)
 .debug_str     0x00000f35      0x12f Drivers\STM32F1xx_HAL_Driver\stm32f1xx_hal_dma.o
                                0x51f (size before relaxing)
 .debug_str     0x00001064      0x2f3 Drivers\STM32F1xx_HAL_Driver\stm32f1xx_hal_dac.o
                                0x6f2 (size before relaxing)
 .debug_str     0x00001357      0x5dc Drivers\STM32F1xx_HAL_Driver\stm32f1xx_hal_cortex.o
                                0x8a0 (size before relaxing)
 .debug_str     0x00001933      0x5c8 Drivers\STM32F1xx_HAL_Driver\stm32f1xx_hal_adc.o
                                0xa4b (size before relaxing)
 .debug_str     0x00001efb      0x1a2 Drivers\STM32F1xx_HAL_Driver\stm32f1xx_hal.o
                                0x751 (size before relaxing)
 .debug_str     0x0000209d       0x90 Drivers\CMSIS\system_stm32f1xx.o
                                0x309 (size before relaxing)
 .debug_str     0x0000212d       0x40 Application\User\usart.o
                                0x674 (size before relaxing)
 .debug_str     0x0000216d       0x2c Application\User\stm32f1xx_it.o
                                0x1e1 (size before relaxing)
 .debug_str     0x00002199       0x21 Application\User\stm32f1xx_hal_msp.o
                                0x4e0 (size before relaxing)
 .debug_str     0x000021ba       0x5e Application\User\main.o
                                0x4e2 (size before relaxing)
 .debug_str     0x00002218       0x14 Application\User\gpio.o
                                0x287 (size before relaxing)
 .debug_str     0x0000222c       0x13 Application\User\dma.o
                                0x21b (size before relaxing)
 .debug_str     0x0000223f       0x20 Application\User\dac.o
                                0x667 (size before relaxing)
 .debug_str     0x0000225f       0x23 Application\User\adc.o
                                0x7ad (size before relaxing)

.comment        0x00000000       0x83
 .comment       0x00000000       0x83 Drivers\STM32F1xx_HAL_Driver\stm32f1xx_hal_uart.o
                                 0x84 (size before relaxing)
 .comment       0x00000000       0x84 Drivers\STM32F1xx_HAL_Driver\stm32f1xx_hal_rcc_ex.o
 .comment       0x00000000       0x84 Drivers\STM32F1xx_HAL_Driver\stm32f1xx_hal_rcc.o
 .comment       0x00000000       0x84 Drivers\STM32F1xx_HAL_Driver\stm32f1xx_hal_gpio.o
 .comment       0x00000000       0x84 Drivers\STM32F1xx_HAL_Driver\stm32f1xx_hal_dma.o
 .comment       0x00000000       0x84 Drivers\STM32F1xx_HAL_Driver\stm32f1xx_hal_dac.o
 .comment       0x00000000       0x84 Drivers\STM32F1xx_HAL_Driver\stm32f1xx_hal_cortex.o
 .comment       0x00000000       0x84 Drivers\STM32F1xx_HAL_Driver\stm32f1xx_hal_adc.o
 .comment       0x00000000       0x84 Drivers\STM32F1xx_HAL_Driver\stm32f1xx_hal.o
 .comment       0x00000000       0x84 Drivers\CMSIS\system_stm32f1xx.o
 .comment       0x00000000       0x84 Application\User\usart.o
 .comment       0x00000000       0x84 Application\User\stm32f1xx_it.o
 .comment       0x00000000       0x84 Application\User\stm32f1xx_hal_msp.o
 .comment       0x00000000       0x84 Application\User\main.o
 .comment       0x00000000       0x84 Application\User\gpio.o
 .comment       0x00000000       0x84 Application\User\dma.o
 .comment       0x00000000       0x84 Application\User\dac.o
 .comment       0x00000000       0x84 Application\User\adc.o

.debug_frame    0x00000000      0xfd4
 .debug_frame   0x00000000      0x318 Drivers\STM32F1xx_HAL_Driver\stm32f1xx_hal_uart.o
 .debug_frame   0x00000318       0x84 Drivers\STM32F1xx_HAL_Driver\stm32f1xx_hal_rcc_ex.o
 .debug_frame   0x0000039c      0x14c Drivers\STM32F1xx_HAL_Driver\stm32f1xx_hal_rcc.o
 .debug_frame   0x000004e8       0xc0 Drivers\STM32F1xx_HAL_Driver\stm32f1xx_hal_gpio.o
 .debug_frame   0x000005a8       0xf4 Drivers\STM32F1xx_HAL_Driver\stm32f1xx_hal_dma.o
 .debug_frame   0x0000069c      0x1a8 Drivers\STM32F1xx_HAL_Driver\stm32f1xx_hal_dac.o
 .debug_frame   0x00000844      0x120 Drivers\STM32F1xx_HAL_Driver\stm32f1xx_hal_cortex.o
 .debug_frame   0x00000964      0x29c Drivers\STM32F1xx_HAL_Driver\stm32f1xx_hal_adc.o
 .debug_frame   0x00000c00      0x164 Drivers\STM32F1xx_HAL_Driver\stm32f1xx_hal.o
 .debug_frame   0x00000d64       0x38 Drivers\CMSIS\system_stm32f1xx.o
 .debug_frame   0x00000d9c       0x54 Application\User\usart.o
 .debug_frame   0x00000df0       0x28 Application\User\stm32f1xx_it.o
 .debug_frame   0x00000e18       0x28 Application\User\stm32f1xx_hal_msp.o
 .debug_frame   0x00000e40       0x48 Application\User\main.o
 .debug_frame   0x00000e88       0x34 Application\User\gpio.o
 .debug_frame   0x00000ebc       0x24 Application\User\dma.o
 .debug_frame   0x00000ee0       0x64 Application\User\dac.o
 .debug_frame   0x00000f44       0x64 Application\User\adc.o
 .debug_frame   0x00000fa8       0x2c d:/programs/stm/truestudio for arm lite 5.2.2/armtools/bin/../lib/gcc/arm-atollic-eabi/4.8.3/../../../../arm-atollic-eabi/lib/armv7-m\libc.a(lib_a-init.o)

Cross Reference Table

Symbol                                            File
ADC1_IRQHandler                                   Application\TrueSTUDIO\startup_stm32f100xb.o
ADC_ConversionStop_Disable                        Drivers\STM32F1xx_HAL_Driver\stm32f1xx_hal_adc.o
                                                  Drivers\STM32F1xx_HAL_Driver\stm32f1xx_hal_adc_ex.o
ADC_DMAConvCplt                                   Drivers\STM32F1xx_HAL_Driver\stm32f1xx_hal_adc.o
ADC_DMAError                                      Drivers\STM32F1xx_HAL_Driver\stm32f1xx_hal_adc.o
ADC_DMAHalfConvCplt                               Drivers\STM32F1xx_HAL_Driver\stm32f1xx_hal_adc.o
ADC_Enable                                        Drivers\STM32F1xx_HAL_Driver\stm32f1xx_hal_adc.o
                                                  Drivers\STM32F1xx_HAL_Driver\stm32f1xx_hal_adc_ex.o
AHBPrescTable                                     Drivers\CMSIS\system_stm32f1xx.o
BusFault_Handler                                  Application\TrueSTUDIO\startup_stm32f100xb.o
CEC_IRQHandler                                    Application\TrueSTUDIO\startup_stm32f100xb.o
DAC_DMAConvCpltCh1                                Drivers\STM32F1xx_HAL_Driver\stm32f1xx_hal_dac.o
                                                  Drivers\STM32F1xx_HAL_Driver\stm32f1xx_hal_dac_ex.o
DAC_DMAConvCpltCh2                                Drivers\STM32F1xx_HAL_Driver\stm32f1xx_hal_dac_ex.o
                                                  Drivers\STM32F1xx_HAL_Driver\stm32f1xx_hal_dac.o
DAC_DMAErrorCh1                                   Drivers\STM32F1xx_HAL_Driver\stm32f1xx_hal_dac.o
                                                  Drivers\STM32F1xx_HAL_Driver\stm32f1xx_hal_dac_ex.o
DAC_DMAErrorCh2                                   Drivers\STM32F1xx_HAL_Driver\stm32f1xx_hal_dac_ex.o
                                                  Drivers\STM32F1xx_HAL_Driver\stm32f1xx_hal_dac.o
DAC_DMAHalfConvCpltCh1                            Drivers\STM32F1xx_HAL_Driver\stm32f1xx_hal_dac.o
                                                  Drivers\STM32F1xx_HAL_Driver\stm32f1xx_hal_dac_ex.o
DAC_DMAHalfConvCpltCh2                            Drivers\STM32F1xx_HAL_Driver\stm32f1xx_hal_dac_ex.o
                                                  Drivers\STM32F1xx_HAL_Driver\stm32f1xx_hal_dac.o
DMA1_Channel1_IRQHandler                          Application\TrueSTUDIO\startup_stm32f100xb.o
DMA1_Channel2_IRQHandler                          Application\TrueSTUDIO\startup_stm32f100xb.o
DMA1_Channel3_IRQHandler                          Application\TrueSTUDIO\startup_stm32f100xb.o
DMA1_Channel4_IRQHandler                          Application\TrueSTUDIO\startup_stm32f100xb.o
DMA1_Channel5_IRQHandler                          Application\TrueSTUDIO\startup_stm32f100xb.o
DMA1_Channel6_IRQHandler                          Application\TrueSTUDIO\startup_stm32f100xb.o
DMA1_Channel7_IRQHandler                          Application\TrueSTUDIO\startup_stm32f100xb.o
DebugMon_Handler                                  Application\TrueSTUDIO\startup_stm32f100xb.o
Default_Handler                                   Application\TrueSTUDIO\startup_stm32f100xb.o
EXTI0_IRQHandler                                  Application\TrueSTUDIO\startup_stm32f100xb.o
EXTI15_10_IRQHandler                              Application\TrueSTUDIO\startup_stm32f100xb.o
EXTI1_IRQHandler                                  Application\TrueSTUDIO\startup_stm32f100xb.o
EXTI2_IRQHandler                                  Application\TrueSTUDIO\startup_stm32f100xb.o
EXTI3_IRQHandler                                  Application\TrueSTUDIO\startup_stm32f100xb.o
EXTI4_IRQHandler                                  Application\TrueSTUDIO\startup_stm32f100xb.o
EXTI9_5_IRQHandler                                Application\TrueSTUDIO\startup_stm32f100xb.o
FLASH_IRQHandler                                  Application\TrueSTUDIO\startup_stm32f100xb.o
FLASH_PageErase                                   Drivers\STM32F1xx_HAL_Driver\stm32f1xx_hal_flash_ex.o
                                                  Drivers\STM32F1xx_HAL_Driver\stm32f1xx_hal_flash.o
FLASH_Program_HalfWord                            Drivers\STM32F1xx_HAL_Driver\stm32f1xx_hal_flash_ex.o
                                                  Drivers\STM32F1xx_HAL_Driver\stm32f1xx_hal_flash.o
FLASH_SetErrorCode                                Drivers\STM32F1xx_HAL_Driver\stm32f1xx_hal_flash_ex.o
                                                  Drivers\STM32F1xx_HAL_Driver\stm32f1xx_hal_flash.o
FLASH_WaitForLastOperation                        Drivers\STM32F1xx_HAL_Driver\stm32f1xx_hal_flash.o
                                                  Drivers\STM32F1xx_HAL_Driver\stm32f1xx_hal_flash_ex.o
HAL_ADCEx_Calibration_Start                       Drivers\STM32F1xx_HAL_Driver\stm32f1xx_hal_adc_ex.o
HAL_ADCEx_InjectedConfigChannel                   Drivers\STM32F1xx_HAL_Driver\stm32f1xx_hal_adc_ex.o
HAL_ADCEx_InjectedConvCpltCallback                Drivers\STM32F1xx_HAL_Driver\stm32f1xx_hal_adc_ex.o
                                                  Drivers\STM32F1xx_HAL_Driver\stm32f1xx_hal_adc.o
HAL_ADCEx_InjectedGetValue                        Drivers\STM32F1xx_HAL_Driver\stm32f1xx_hal_adc_ex.o
HAL_ADCEx_InjectedPollForConversion               Drivers\STM32F1xx_HAL_Driver\stm32f1xx_hal_adc_ex.o
HAL_ADCEx_InjectedStart                           Drivers\STM32F1xx_HAL_Driver\stm32f1xx_hal_adc_ex.o
HAL_ADCEx_InjectedStart_IT                        Drivers\STM32F1xx_HAL_Driver\stm32f1xx_hal_adc_ex.o
HAL_ADCEx_InjectedStop                            Drivers\STM32F1xx_HAL_Driver\stm32f1xx_hal_adc_ex.o
HAL_ADCEx_InjectedStop_IT                         Drivers\STM32F1xx_HAL_Driver\stm32f1xx_hal_adc_ex.o
HAL_ADC_AnalogWDGConfig                           Drivers\STM32F1xx_HAL_Driver\stm32f1xx_hal_adc.o
HAL_ADC_ConfigChannel                             Drivers\STM32F1xx_HAL_Driver\stm32f1xx_hal_adc.o
                                                  Application\User\adc.o
HAL_ADC_ConvCpltCallback                          Drivers\STM32F1xx_HAL_Driver\stm32f1xx_hal_adc.o
HAL_ADC_ConvHalfCpltCallback                      Drivers\STM32F1xx_HAL_Driver\stm32f1xx_hal_adc.o
HAL_ADC_DeInit                                    Drivers\STM32F1xx_HAL_Driver\stm32f1xx_hal_adc.o
HAL_ADC_ErrorCallback                             Drivers\STM32F1xx_HAL_Driver\stm32f1xx_hal_adc.o
HAL_ADC_GetError                                  Drivers\STM32F1xx_HAL_Driver\stm32f1xx_hal_adc.o
HAL_ADC_GetState                                  Drivers\STM32F1xx_HAL_Driver\stm32f1xx_hal_adc.o
HAL_ADC_GetValue                                  Drivers\STM32F1xx_HAL_Driver\stm32f1xx_hal_adc.o
HAL_ADC_IRQHandler                                Drivers\STM32F1xx_HAL_Driver\stm32f1xx_hal_adc.o
HAL_ADC_Init                                      Drivers\STM32F1xx_HAL_Driver\stm32f1xx_hal_adc.o
                                                  Application\User\adc.o
HAL_ADC_LevelOutOfWindowCallback                  Drivers\STM32F1xx_HAL_Driver\stm32f1xx_hal_adc.o
HAL_ADC_MspDeInit                                 Application\User\adc.o
                                                  Drivers\STM32F1xx_HAL_Driver\stm32f1xx_hal_adc.o
HAL_ADC_MspInit                                   Application\User\adc.o
                                                  Drivers\STM32F1xx_HAL_Driver\stm32f1xx_hal_adc.o
HAL_ADC_PollForConversion                         Drivers\STM32F1xx_HAL_Driver\stm32f1xx_hal_adc.o
HAL_ADC_PollForEvent                              Drivers\STM32F1xx_HAL_Driver\stm32f1xx_hal_adc.o
HAL_ADC_Start                                     Drivers\STM32F1xx_HAL_Driver\stm32f1xx_hal_adc.o
HAL_ADC_Start_DMA                                 Drivers\STM32F1xx_HAL_Driver\stm32f1xx_hal_adc.o
HAL_ADC_Start_IT                                  Drivers\STM32F1xx_HAL_Driver\stm32f1xx_hal_adc.o
HAL_ADC_Stop                                      Drivers\STM32F1xx_HAL_Driver\stm32f1xx_hal_adc.o
HAL_ADC_Stop_DMA                                  Drivers\STM32F1xx_HAL_Driver\stm32f1xx_hal_adc.o
HAL_ADC_Stop_IT                                   Drivers\STM32F1xx_HAL_Driver\stm32f1xx_hal_adc.o
HAL_DACEx_ConvCpltCallbackCh2                     Drivers\STM32F1xx_HAL_Driver\stm32f1xx_hal_dac_ex.o
HAL_DACEx_ConvHalfCpltCallbackCh2                 Drivers\STM32F1xx_HAL_Driver\stm32f1xx_hal_dac_ex.o
HAL_DACEx_DMAUnderrunCallbackCh2                  Drivers\STM32F1xx_HAL_Driver\stm32f1xx_hal_dac_ex.o
HAL_DACEx_DualGetValue                            Drivers\STM32F1xx_HAL_Driver\stm32f1xx_hal_dac_ex.o
HAL_DACEx_DualSetValue                            Drivers\STM32F1xx_HAL_Driver\stm32f1xx_hal_dac_ex.o
HAL_DACEx_ErrorCallbackCh2                        Drivers\STM32F1xx_HAL_Driver\stm32f1xx_hal_dac_ex.o
HAL_DACEx_NoiseWaveGenerate                       Drivers\STM32F1xx_HAL_Driver\stm32f1xx_hal_dac_ex.o
HAL_DACEx_TriangleWaveGenerate                    Drivers\STM32F1xx_HAL_Driver\stm32f1xx_hal_dac_ex.o
HAL_DAC_ConfigChannel                             Drivers\STM32F1xx_HAL_Driver\stm32f1xx_hal_dac.o
                                                  Application\User\dac.o
HAL_DAC_ConvCpltCallbackCh1                       Drivers\STM32F1xx_HAL_Driver\stm32f1xx_hal_dac.o
HAL_DAC_ConvHalfCpltCallbackCh1                   Drivers\STM32F1xx_HAL_Driver\stm32f1xx_hal_dac.o
HAL_DAC_DMAUnderrunCallbackCh1                    Drivers\STM32F1xx_HAL_Driver\stm32f1xx_hal_dac_ex.o
HAL_DAC_DeInit                                    Drivers\STM32F1xx_HAL_Driver\stm32f1xx_hal_dac.o
HAL_DAC_ErrorCallbackCh1                          Drivers\STM32F1xx_HAL_Driver\stm32f1xx_hal_dac.o
HAL_DAC_GetError                                  Drivers\STM32F1xx_HAL_Driver\stm32f1xx_hal_dac.o
HAL_DAC_GetState                                  Drivers\STM32F1xx_HAL_Driver\stm32f1xx_hal_dac.o
HAL_DAC_GetValue                                  Drivers\STM32F1xx_HAL_Driver\stm32f1xx_hal_dac.o
HAL_DAC_IRQHandler                                Drivers\STM32F1xx_HAL_Driver\stm32f1xx_hal_dac_ex.o
HAL_DAC_Init                                      Drivers\STM32F1xx_HAL_Driver\stm32f1xx_hal_dac.o
                                                  Application\User\dac.o
HAL_DAC_MspDeInit                                 Application\User\dac.o
                                                  Drivers\STM32F1xx_HAL_Driver\stm32f1xx_hal_dac.o
HAL_DAC_MspInit                                   Application\User\dac.o
                                                  Drivers\STM32F1xx_HAL_Driver\stm32f1xx_hal_dac.o
HAL_DAC_SetValue                                  Drivers\STM32F1xx_HAL_Driver\stm32f1xx_hal_dac.o
HAL_DAC_Start                                     Drivers\STM32F1xx_HAL_Driver\stm32f1xx_hal_dac.o
HAL_DAC_Start_DMA                                 Drivers\STM32F1xx_HAL_Driver\stm32f1xx_hal_dac_ex.o
HAL_DAC_Stop                                      Drivers\STM32F1xx_HAL_Driver\stm32f1xx_hal_dac.o
HAL_DAC_Stop_DMA                                  Drivers\STM32F1xx_HAL_Driver\stm32f1xx_hal_dac_ex.o
HAL_DBGMCU_DisableDBGSleepMode                    Drivers\STM32F1xx_HAL_Driver\stm32f1xx_hal.o
HAL_DBGMCU_DisableDBGStandbyMode                  Drivers\STM32F1xx_HAL_Driver\stm32f1xx_hal.o
HAL_DBGMCU_DisableDBGStopMode                     Drivers\STM32F1xx_HAL_Driver\stm32f1xx_hal.o
HAL_DBGMCU_EnableDBGSleepMode                     Drivers\STM32F1xx_HAL_Driver\stm32f1xx_hal.o
HAL_DBGMCU_EnableDBGStandbyMode                   Drivers\STM32F1xx_HAL_Driver\stm32f1xx_hal.o
HAL_DBGMCU_EnableDBGStopMode                      Drivers\STM32F1xx_HAL_Driver\stm32f1xx_hal.o
HAL_DMA_Abort                                     Drivers\STM32F1xx_HAL_Driver\stm32f1xx_hal_dma.o
                                                  Drivers\STM32F1xx_HAL_Driver\stm32f1xx_hal_adc.o
                                                  Drivers\STM32F1xx_HAL_Driver\stm32f1xx_hal_dac.o
                                                  Drivers\STM32F1xx_HAL_Driver\stm32f1xx_hal_dac_ex.o
                                                  Drivers\STM32F1xx_HAL_Driver\stm32f1xx_hal_uart.o
HAL_DMA_DeInit                                    Drivers\STM32F1xx_HAL_Driver\stm32f1xx_hal_dma.o
                                                  Application\User\adc.o
                                                  Application\User\dac.o
HAL_DMA_GetError                                  Drivers\STM32F1xx_HAL_Driver\stm32f1xx_hal_dma.o
HAL_DMA_GetState                                  Drivers\STM32F1xx_HAL_Driver\stm32f1xx_hal_dma.o
HAL_DMA_IRQHandler                                Drivers\STM32F1xx_HAL_Driver\stm32f1xx_hal_dma.o
HAL_DMA_Init                                      Drivers\STM32F1xx_HAL_Driver\stm32f1xx_hal_dma.o
                                                  Application\User\adc.o
                                                  Application\User\dac.o
HAL_DMA_PollForTransfer                           Drivers\STM32F1xx_HAL_Driver\stm32f1xx_hal_dma.o
HAL_DMA_Start                                     Drivers\STM32F1xx_HAL_Driver\stm32f1xx_hal_dma.o
HAL_DMA_Start_IT                                  Drivers\STM32F1xx_HAL_Driver\stm32f1xx_hal_dma.o
                                                  Drivers\STM32F1xx_HAL_Driver\stm32f1xx_hal_adc.o
                                                  Drivers\STM32F1xx_HAL_Driver\stm32f1xx_hal_dac.o
                                                  Drivers\STM32F1xx_HAL_Driver\stm32f1xx_hal_dac_ex.o
                                                  Drivers\STM32F1xx_HAL_Driver\stm32f1xx_hal_uart.o
HAL_DeInit                                        Drivers\STM32F1xx_HAL_Driver\stm32f1xx_hal.o
HAL_Delay                                         Drivers\STM32F1xx_HAL_Driver\stm32f1xx_hal.o
                                                  Application\User\main.o
                                                  Drivers\STM32F1xx_HAL_Driver\stm32f1xx_hal_rcc.o
HAL_FLASHEx_Erase                                 Drivers\STM32F1xx_HAL_Driver\stm32f1xx_hal_flash_ex.o
HAL_FLASHEx_Erase_IT                              Drivers\STM32F1xx_HAL_Driver\stm32f1xx_hal_flash_ex.o
HAL_FLASHEx_OBErase                               Drivers\STM32F1xx_HAL_Driver\stm32f1xx_hal_flash_ex.o
HAL_FLASHEx_OBGetConfig                           Drivers\STM32F1xx_HAL_Driver\stm32f1xx_hal_flash_ex.o
HAL_FLASHEx_OBProgram                             Drivers\STM32F1xx_HAL_Driver\stm32f1xx_hal_flash_ex.o
HAL_FLASH_EndOfOperationCallback                  Drivers\STM32F1xx_HAL_Driver\stm32f1xx_hal_flash.o
HAL_FLASH_GetError                                Drivers\STM32F1xx_HAL_Driver\stm32f1xx_hal_flash.o
HAL_FLASH_IRQHandler                              Drivers\STM32F1xx_HAL_Driver\stm32f1xx_hal_flash.o
HAL_FLASH_Lock                                    Drivers\STM32F1xx_HAL_Driver\stm32f1xx_hal_flash.o
HAL_FLASH_OB_Launch                               Drivers\STM32F1xx_HAL_Driver\stm32f1xx_hal_flash.o
HAL_FLASH_OB_Lock                                 Drivers\STM32F1xx_HAL_Driver\stm32f1xx_hal_flash.o
HAL_FLASH_OB_Unlock                               Drivers\STM32F1xx_HAL_Driver\stm32f1xx_hal_flash.o
HAL_FLASH_OperationErrorCallback                  Drivers\STM32F1xx_HAL_Driver\stm32f1xx_hal_flash.o
HAL_FLASH_Program                                 Drivers\STM32F1xx_HAL_Driver\stm32f1xx_hal_flash.o
HAL_FLASH_Program_IT                              Drivers\STM32F1xx_HAL_Driver\stm32f1xx_hal_flash.o
HAL_FLASH_Unlock                                  Drivers\STM32F1xx_HAL_Driver\stm32f1xx_hal_flash.o
HAL_GPIOEx_ConfigEventout                         Drivers\STM32F1xx_HAL_Driver\stm32f1xx_hal_gpio_ex.o
HAL_GPIOEx_DisableEventout                        Drivers\STM32F1xx_HAL_Driver\stm32f1xx_hal_gpio_ex.o
HAL_GPIOEx_EnableEventout                         Drivers\STM32F1xx_HAL_Driver\stm32f1xx_hal_gpio_ex.o
HAL_GPIO_DeInit                                   Drivers\STM32F1xx_HAL_Driver\stm32f1xx_hal_gpio.o
                                                  Application\User\adc.o
                                                  Application\User\dac.o
                                                  Application\User\usart.o
HAL_GPIO_EXTI_Callback                            Drivers\STM32F1xx_HAL_Driver\stm32f1xx_hal_gpio.o
HAL_GPIO_EXTI_IRQHandler                          Drivers\STM32F1xx_HAL_Driver\stm32f1xx_hal_gpio.o
HAL_GPIO_Init                                     Drivers\STM32F1xx_HAL_Driver\stm32f1xx_hal_gpio.o
                                                  Application\User\adc.o
                                                  Application\User\dac.o
                                                  Application\User\gpio.o
                                                  Application\User\usart.o
                                                  Drivers\STM32F1xx_HAL_Driver\stm32f1xx_hal_rcc.o
HAL_GPIO_LockPin                                  Drivers\STM32F1xx_HAL_Driver\stm32f1xx_hal_gpio.o
HAL_GPIO_ReadPin                                  Drivers\STM32F1xx_HAL_Driver\stm32f1xx_hal_gpio.o
HAL_GPIO_TogglePin                                Drivers\STM32F1xx_HAL_Driver\stm32f1xx_hal_gpio.o
HAL_GPIO_WritePin                                 Drivers\STM32F1xx_HAL_Driver\stm32f1xx_hal_gpio.o
                                                  Application\User\main.o
HAL_GetDEVID                                      Drivers\STM32F1xx_HAL_Driver\stm32f1xx_hal.o
HAL_GetHalVersion                                 Drivers\STM32F1xx_HAL_Driver\stm32f1xx_hal.o
HAL_GetREVID                                      Drivers\STM32F1xx_HAL_Driver\stm32f1xx_hal.o
HAL_GetTick                                       Drivers\STM32F1xx_HAL_Driver\stm32f1xx_hal.o
                                                  Drivers\STM32F1xx_HAL_Driver\stm32f1xx_hal_adc.o
                                                  Drivers\STM32F1xx_HAL_Driver\stm32f1xx_hal_adc_ex.o
                                                  Drivers\STM32F1xx_HAL_Driver\stm32f1xx_hal_dma.o
                                                  Drivers\STM32F1xx_HAL_Driver\stm32f1xx_hal_flash.o
                                                  Drivers\STM32F1xx_HAL_Driver\stm32f1xx_hal_rcc.o
                                                  Drivers\STM32F1xx_HAL_Driver\stm32f1xx_hal_rcc_ex.o
                                                  Drivers\STM32F1xx_HAL_Driver\stm32f1xx_hal_uart.o
HAL_HalfDuplex_EnableReceiver                     Drivers\STM32F1xx_HAL_Driver\stm32f1xx_hal_uart.o
HAL_HalfDuplex_EnableTransmitter                  Drivers\STM32F1xx_HAL_Driver\stm32f1xx_hal_uart.o
HAL_HalfDuplex_Init                               Drivers\STM32F1xx_HAL_Driver\stm32f1xx_hal_uart.o
HAL_IncTick                                       Drivers\STM32F1xx_HAL_Driver\stm32f1xx_hal.o
                                                  Application\User\stm32f1xx_it.o
HAL_Init                                          Drivers\STM32F1xx_HAL_Driver\stm32f1xx_hal.o
                                                  Application\User\main.o
HAL_InitTick                                      Drivers\STM32F1xx_HAL_Driver\stm32f1xx_hal.o
                                                  Drivers\STM32F1xx_HAL_Driver\stm32f1xx_hal_rcc.o
HAL_LIN_Init                                      Drivers\STM32F1xx_HAL_Driver\stm32f1xx_hal_uart.o
HAL_LIN_SendBreak                                 Drivers\STM32F1xx_HAL_Driver\stm32f1xx_hal_uart.o
HAL_MspDeInit                                     Drivers\STM32F1xx_HAL_Driver\stm32f1xx_hal.o
HAL_MspInit                                       Application\User\stm32f1xx_hal_msp.o
                                                  Drivers\STM32F1xx_HAL_Driver\stm32f1xx_hal.o
HAL_MultiProcessor_EnterMuteMode                  Drivers\STM32F1xx_HAL_Driver\stm32f1xx_hal_uart.o
HAL_MultiProcessor_ExitMuteMode                   Drivers\STM32F1xx_HAL_Driver\stm32f1xx_hal_uart.o
HAL_MultiProcessor_Init                           Drivers\STM32F1xx_HAL_Driver\stm32f1xx_hal_uart.o
HAL_NVIC_ClearPendingIRQ                          Drivers\STM32F1xx_HAL_Driver\stm32f1xx_hal_cortex.o
HAL_NVIC_DisableIRQ                               Drivers\STM32F1xx_HAL_Driver\stm32f1xx_hal_cortex.o
HAL_NVIC_EnableIRQ                                Drivers\STM32F1xx_HAL_Driver\stm32f1xx_hal_cortex.o
HAL_NVIC_GetActive                                Drivers\STM32F1xx_HAL_Driver\stm32f1xx_hal_cortex.o
HAL_NVIC_GetPendingIRQ                            Drivers\STM32F1xx_HAL_Driver\stm32f1xx_hal_cortex.o
HAL_NVIC_GetPriority                              Drivers\STM32F1xx_HAL_Driver\stm32f1xx_hal_cortex.o
HAL_NVIC_GetPriorityGrouping                      Drivers\STM32F1xx_HAL_Driver\stm32f1xx_hal_cortex.o
HAL_NVIC_SetPendingIRQ                            Drivers\STM32F1xx_HAL_Driver\stm32f1xx_hal_cortex.o
HAL_NVIC_SetPriority                              Drivers\STM32F1xx_HAL_Driver\stm32f1xx_hal_cortex.o
                                                  Application\User\stm32f1xx_hal_msp.o
                                                  Drivers\STM32F1xx_HAL_Driver\stm32f1xx_hal.o
HAL_NVIC_SetPriorityGrouping                      Drivers\STM32F1xx_HAL_Driver\stm32f1xx_hal_cortex.o
                                                  Application\User\stm32f1xx_hal_msp.o
                                                  Drivers\STM32F1xx_HAL_Driver\stm32f1xx_hal.o
HAL_NVIC_SystemReset                              Drivers\STM32F1xx_HAL_Driver\stm32f1xx_hal_cortex.o
                                                  Drivers\STM32F1xx_HAL_Driver\stm32f1xx_hal_flash.o
HAL_PWR_ConfigPVD                                 Drivers\STM32F1xx_HAL_Driver\stm32f1xx_hal_pwr.o
HAL_PWR_DeInit                                    Drivers\STM32F1xx_HAL_Driver\stm32f1xx_hal_pwr.o
HAL_PWR_DisableBkUpAccess                         Drivers\STM32F1xx_HAL_Driver\stm32f1xx_hal_pwr.o
HAL_PWR_DisablePVD                                Drivers\STM32F1xx_HAL_Driver\stm32f1xx_hal_pwr.o
HAL_PWR_DisableSEVOnPend                          Drivers\STM32F1xx_HAL_Driver\stm32f1xx_hal_pwr.o
HAL_PWR_DisableSleepOnExit                        Drivers\STM32F1xx_HAL_Driver\stm32f1xx_hal_pwr.o
HAL_PWR_DisableWakeUpPin                          Drivers\STM32F1xx_HAL_Driver\stm32f1xx_hal_pwr.o
HAL_PWR_EnableBkUpAccess                          Drivers\STM32F1xx_HAL_Driver\stm32f1xx_hal_pwr.o
HAL_PWR_EnablePVD                                 Drivers\STM32F1xx_HAL_Driver\stm32f1xx_hal_pwr.o
HAL_PWR_EnableSEVOnPend                           Drivers\STM32F1xx_HAL_Driver\stm32f1xx_hal_pwr.o
HAL_PWR_EnableSleepOnExit                         Drivers\STM32F1xx_HAL_Driver\stm32f1xx_hal_pwr.o
HAL_PWR_EnableWakeUpPin                           Drivers\STM32F1xx_HAL_Driver\stm32f1xx_hal_pwr.o
HAL_PWR_EnterSLEEPMode                            Drivers\STM32F1xx_HAL_Driver\stm32f1xx_hal_pwr.o
HAL_PWR_EnterSTANDBYMode                          Drivers\STM32F1xx_HAL_Driver\stm32f1xx_hal_pwr.o
HAL_PWR_EnterSTOPMode                             Drivers\STM32F1xx_HAL_Driver\stm32f1xx_hal_pwr.o
HAL_PWR_PVDCallback                               Drivers\STM32F1xx_HAL_Driver\stm32f1xx_hal_pwr.o
HAL_PWR_PVD_IRQHandler                            Drivers\STM32F1xx_HAL_Driver\stm32f1xx_hal_pwr.o
HAL_RCCEx_GetPeriphCLKConfig                      Drivers\STM32F1xx_HAL_Driver\stm32f1xx_hal_rcc_ex.o
HAL_RCCEx_GetPeriphCLKFreq                        Drivers\STM32F1xx_HAL_Driver\stm32f1xx_hal_rcc_ex.o
                                                  Drivers\STM32F1xx_HAL_Driver\stm32f1xx_hal_adc.o
                                                  Drivers\STM32F1xx_HAL_Driver\stm32f1xx_hal_adc_ex.o
HAL_RCCEx_PeriphCLKConfig                         Drivers\STM32F1xx_HAL_Driver\stm32f1xx_hal_rcc_ex.o
                                                  Application\User\main.o
HAL_RCC_CSSCallback                               Drivers\STM32F1xx_HAL_Driver\stm32f1xx_hal_rcc.o
HAL_RCC_ClockConfig                               Drivers\STM32F1xx_HAL_Driver\stm32f1xx_hal_rcc.o
                                                  Application\User\main.o
HAL_RCC_DeInit                                    Drivers\STM32F1xx_HAL_Driver\stm32f1xx_hal_rcc_ex.o
HAL_RCC_DisableCSS                                Drivers\STM32F1xx_HAL_Driver\stm32f1xx_hal_rcc.o
HAL_RCC_EnableCSS                                 Drivers\STM32F1xx_HAL_Driver\stm32f1xx_hal_rcc.o
HAL_RCC_GetClockConfig                            Drivers\STM32F1xx_HAL_Driver\stm32f1xx_hal_rcc.o
HAL_RCC_GetHCLKFreq                               Drivers\STM32F1xx_HAL_Driver\stm32f1xx_hal_rcc.o
                                                  Drivers\STM32F1xx_HAL_Driver\stm32f1xx_hal.o
HAL_RCC_GetOscConfig                              Drivers\STM32F1xx_HAL_Driver\stm32f1xx_hal_rcc.o
HAL_RCC_GetPCLK1Freq                              Drivers\STM32F1xx_HAL_Driver\stm32f1xx_hal_rcc.o
                                                  Drivers\STM32F1xx_HAL_Driver\stm32f1xx_hal_uart.o
HAL_RCC_GetPCLK2Freq                              Drivers\STM32F1xx_HAL_Driver\stm32f1xx_hal_rcc.o
                                                  Drivers\STM32F1xx_HAL_Driver\stm32f1xx_hal_rcc_ex.o
                                                  Drivers\STM32F1xx_HAL_Driver\stm32f1xx_hal_uart.o
HAL_RCC_GetSysClockFreq                           Drivers\STM32F1xx_HAL_Driver\stm32f1xx_hal_rcc_ex.o
HAL_RCC_MCOConfig                                 Drivers\STM32F1xx_HAL_Driver\stm32f1xx_hal_rcc.o
HAL_RCC_NMI_IRQHandler                            Drivers\STM32F1xx_HAL_Driver\stm32f1xx_hal_rcc.o
HAL_RCC_OscConfig                                 Drivers\STM32F1xx_HAL_Driver\stm32f1xx_hal_rcc.o
                                                  Application\User\main.o
HAL_ResumeTick                                    Drivers\STM32F1xx_HAL_Driver\stm32f1xx_hal.o
HAL_SYSTICK_CLKSourceConfig                       Drivers\STM32F1xx_HAL_Driver\stm32f1xx_hal_cortex.o
HAL_SYSTICK_Callback                              Drivers\STM32F1xx_HAL_Driver\stm32f1xx_hal_cortex.o
HAL_SYSTICK_Config                                Drivers\STM32F1xx_HAL_Driver\stm32f1xx_hal_cortex.o
                                                  Drivers\STM32F1xx_HAL_Driver\stm32f1xx_hal.o
HAL_SYSTICK_IRQHandler                            Drivers\STM32F1xx_HAL_Driver\stm32f1xx_hal_cortex.o
                                                  Application\User\stm32f1xx_it.o
HAL_SuspendTick                                   Drivers\STM32F1xx_HAL_Driver\stm32f1xx_hal.o
HAL_UART_DMAPause                                 Drivers\STM32F1xx_HAL_Driver\stm32f1xx_hal_uart.o
HAL_UART_DMAResume                                Drivers\STM32F1xx_HAL_Driver\stm32f1xx_hal_uart.o
HAL_UART_DMAStop                                  Drivers\STM32F1xx_HAL_Driver\stm32f1xx_hal_uart.o
HAL_UART_DeInit                                   Drivers\STM32F1xx_HAL_Driver\stm32f1xx_hal_uart.o
HAL_UART_ErrorCallback                            Drivers\STM32F1xx_HAL_Driver\stm32f1xx_hal_uart.o
HAL_UART_GetError                                 Drivers\STM32F1xx_HAL_Driver\stm32f1xx_hal_uart.o
HAL_UART_GetState                                 Drivers\STM32F1xx_HAL_Driver\stm32f1xx_hal_uart.o
HAL_UART_IRQHandler                               Drivers\STM32F1xx_HAL_Driver\stm32f1xx_hal_uart.o
HAL_UART_Init                                     Drivers\STM32F1xx_HAL_Driver\stm32f1xx_hal_uart.o
                                                  Application\User\usart.o
HAL_UART_MspDeInit                                Application\User\usart.o
                                                  Drivers\STM32F1xx_HAL_Driver\stm32f1xx_hal_uart.o
HAL_UART_MspInit                                  Application\User\usart.o
                                                  Drivers\STM32F1xx_HAL_Driver\stm32f1xx_hal_uart.o
HAL_UART_Receive                                  Drivers\STM32F1xx_HAL_Driver\stm32f1xx_hal_uart.o
HAL_UART_Receive_DMA                              Drivers\STM32F1xx_HAL_Driver\stm32f1xx_hal_uart.o
HAL_UART_Receive_IT                               Drivers\STM32F1xx_HAL_Driver\stm32f1xx_hal_uart.o
HAL_UART_RxCpltCallback                           Drivers\STM32F1xx_HAL_Driver\stm32f1xx_hal_uart.o
HAL_UART_RxHalfCpltCallback                       Drivers\STM32F1xx_HAL_Driver\stm32f1xx_hal_uart.o
HAL_UART_Transmit                                 Drivers\STM32F1xx_HAL_Driver\stm32f1xx_hal_uart.o
HAL_UART_Transmit_DMA                             Drivers\STM32F1xx_HAL_Driver\stm32f1xx_hal_uart.o
HAL_UART_Transmit_IT                              Drivers\STM32F1xx_HAL_Driver\stm32f1xx_hal_uart.o
HAL_UART_TxCpltCallback                           Drivers\STM32F1xx_HAL_Driver\stm32f1xx_hal_uart.o
HAL_UART_TxHalfCpltCallback                       Drivers\STM32F1xx_HAL_Driver\stm32f1xx_hal_uart.o
HardFault_Handler                                 Application\TrueSTUDIO\startup_stm32f100xb.o
I2C1_ER_IRQHandler                                Application\TrueSTUDIO\startup_stm32f100xb.o
I2C1_EV_IRQHandler                                Application\TrueSTUDIO\startup_stm32f100xb.o
I2C2_ER_IRQHandler                                Application\TrueSTUDIO\startup_stm32f100xb.o
I2C2_EV_IRQHandler                                Application\TrueSTUDIO\startup_stm32f100xb.o
MX_ADC1_Init                                      Application\User\adc.o
                                                  Application\User\main.o
MX_DAC_Init                                       Application\User\dac.o
                                                  Application\User\main.o
MX_DMA_Init                                       Application\User\dma.o
                                                  Application\User\main.o
MX_GPIO_Init                                      Application\User\gpio.o
                                                  Application\User\main.o
MX_USART1_UART_Init                               Application\User\usart.o
                                                  Application\User\main.o
MemManage_Handler                                 Application\TrueSTUDIO\startup_stm32f100xb.o
NMI_Handler                                       Application\TrueSTUDIO\startup_stm32f100xb.o
PVD_IRQHandler                                    Application\TrueSTUDIO\startup_stm32f100xb.o
PendSV_Handler                                    Application\TrueSTUDIO\startup_stm32f100xb.o
RCC_IRQHandler                                    Application\TrueSTUDIO\startup_stm32f100xb.o
RTC_Alarm_IRQHandler                              Application\TrueSTUDIO\startup_stm32f100xb.o
RTC_IRQHandler                                    Application\TrueSTUDIO\startup_stm32f100xb.o
Reset_Handler                                     Application\TrueSTUDIO\startup_stm32f100xb.o
SPI1_IRQHandler                                   Application\TrueSTUDIO\startup_stm32f100xb.o
SVC_Handler                                       Application\TrueSTUDIO\startup_stm32f100xb.o
SysTick_Handler                                   Application\User\stm32f1xx_it.o
SystemClock_Config                                Application\User\main.o
SystemCoreClock                                   Drivers\CMSIS\system_stm32f1xx.o
                                                  Drivers\STM32F1xx_HAL_Driver\stm32f1xx_hal_adc.o
                                                  Drivers\STM32F1xx_HAL_Driver\stm32f1xx_hal_adc_ex.o
                                                  Drivers\STM32F1xx_HAL_Driver\stm32f1xx_hal_rcc.o
SystemCoreClockUpdate                             Drivers\CMSIS\system_stm32f1xx.o
SystemInit                                        Drivers\CMSIS\system_stm32f1xx.o
                                                  Application\TrueSTUDIO\startup_stm32f100xb.o
TAMPER_IRQHandler                                 Application\TrueSTUDIO\startup_stm32f100xb.o
TIM1_BRK_TIM15_IRQHandler                         Application\TrueSTUDIO\startup_stm32f100xb.o
TIM1_CC_IRQHandler                                Application\TrueSTUDIO\startup_stm32f100xb.o
TIM1_TRG_COM_TIM17_IRQHandler                     Application\TrueSTUDIO\startup_stm32f100xb.o
TIM1_UP_TIM16_IRQHandler                          Application\TrueSTUDIO\startup_stm32f100xb.o
TIM2_IRQHandler                                   Application\TrueSTUDIO\startup_stm32f100xb.o
TIM3_IRQHandler                                   Application\TrueSTUDIO\startup_stm32f100xb.o
TIM4_IRQHandler                                   Application\TrueSTUDIO\startup_stm32f100xb.o
TIM6_DAC_IRQHandler                               Application\TrueSTUDIO\startup_stm32f100xb.o
TIM7_IRQHandler                                   Application\TrueSTUDIO\startup_stm32f100xb.o
USART1_IRQHandler                                 Application\TrueSTUDIO\startup_stm32f100xb.o
USART2_IRQHandler                                 Application\TrueSTUDIO\startup_stm32f100xb.o
USART3_IRQHandler                                 Application\TrueSTUDIO\startup_stm32f100xb.o
UsageFault_Handler                                Application\TrueSTUDIO\startup_stm32f100xb.o
WWDG_IRQHandler                                   Application\TrueSTUDIO\startup_stm32f100xb.o
__aeabi_llsr                                      d:/programs/stm/truestudio for arm lite 5.2.2/armtools/bin/../lib/gcc/arm-atollic-eabi/4.8.3/armv7-m\libgcc.a(_lshrdi3.o)
                                                  Drivers\STM32F1xx_HAL_Driver\stm32f1xx_hal_flash.o
__deregister_frame_info                           d:/programs/stm/truestudio for arm lite 5.2.2/armtools/bin/../lib/gcc/arm-atollic-eabi/4.8.3/armv7-m/crtbegin.o
__dso_handle                                      d:/programs/stm/truestudio for arm lite 5.2.2/armtools/bin/../lib/gcc/arm-atollic-eabi/4.8.3/armv7-m/crtbegin.o
__init_array_end                                  d:/programs/stm/truestudio for arm lite 5.2.2/armtools/bin/../lib/gcc/arm-atollic-eabi/4.8.3/../../../../arm-atollic-eabi/lib/armv7-m\libc.a(lib_a-init.o)
__init_array_start                                d:/programs/stm/truestudio for arm lite 5.2.2/armtools/bin/../lib/gcc/arm-atollic-eabi/4.8.3/../../../../arm-atollic-eabi/lib/armv7-m\libc.a(lib_a-init.o)
__libc_init_array                                 d:/programs/stm/truestudio for arm lite 5.2.2/armtools/bin/../lib/gcc/arm-atollic-eabi/4.8.3/../../../../arm-atollic-eabi/lib/armv7-m\libc.a(lib_a-init.o)
                                                  Application\TrueSTUDIO\startup_stm32f100xb.o
__lshrdi3                                         d:/programs/stm/truestudio for arm lite 5.2.2/armtools/bin/../lib/gcc/arm-atollic-eabi/4.8.3/armv7-m\libgcc.a(_lshrdi3.o)
__preinit_array_end                               d:/programs/stm/truestudio for arm lite 5.2.2/armtools/bin/../lib/gcc/arm-atollic-eabi/4.8.3/../../../../arm-atollic-eabi/lib/armv7-m\libc.a(lib_a-init.o)
__preinit_array_start                             d:/programs/stm/truestudio for arm lite 5.2.2/armtools/bin/../lib/gcc/arm-atollic-eabi/4.8.3/../../../../arm-atollic-eabi/lib/armv7-m\libc.a(lib_a-init.o)
__register_frame_info                             d:/programs/stm/truestudio for arm lite 5.2.2/armtools/bin/../lib/gcc/arm-atollic-eabi/4.8.3/armv7-m/crtbegin.o
_ebss                                             Application\TrueSTUDIO\startup_stm32f100xb.o
_edata                                            Application\TrueSTUDIO\startup_stm32f100xb.o
_estack                                           Application\TrueSTUDIO\startup_stm32f100xb.o
_fini                                             d:/programs/stm/truestudio for arm lite 5.2.2/armtools/bin/../lib/gcc/arm-atollic-eabi/4.8.3/armv7-m/crti.o
_init                                             d:/programs/stm/truestudio for arm lite 5.2.2/armtools/bin/../lib/gcc/arm-atollic-eabi/4.8.3/armv7-m/crti.o
                                                  d:/programs/stm/truestudio for arm lite 5.2.2/armtools/bin/../lib/gcc/arm-atollic-eabi/4.8.3/../../../../arm-atollic-eabi/lib/armv7-m\libc.a(lib_a-init.o)
_sbss                                             Application\TrueSTUDIO\startup_stm32f100xb.o
_sdata                                            Application\TrueSTUDIO\startup_stm32f100xb.o
_sidata                                           Application\TrueSTUDIO\startup_stm32f100xb.o
aAPBAHBPrescTable                                 Drivers\STM32F1xx_HAL_Driver\stm32f1xx_hal_rcc.o
g_pfnVectors                                      Application\TrueSTUDIO\startup_stm32f100xb.o
hadc1                                             Application\User\adc.o
hdac                                              Application\User\dac.o
hdma_adc1                                         Application\User\adc.o
hdma_dac_ch1                                      Application\User\dac.o
huart1                                            Application\User\usart.o
main                                              Application\User\main.o
                                                  Application\TrueSTUDIO\startup_stm32f100xb.o
pFlash                                            Drivers\STM32F1xx_HAL_Driver\stm32f1xx_hal_flash.o
                                                  Drivers\STM32F1xx_HAL_Driver\stm32f1xx_hal_flash_ex.o
